........................................................................ [  3%]
........................................................................ [  6%]
F..................F.................................................... [  9%]
....................................s................................... [ 12%]
........................................................................ [ 15%]
........................................................................ [ 18%]
............................................................FFF......... [ 21%]
........................................................................ [ 25%]
......................................FFFF.............................. [ 28%]
........................................................................ [ 31%]
........................................................................ [ 34%]
........................................................................ [ 37%]
........................................................................ [ 40%]
........................................................................ [ 43%]
........................................................................ [ 46%]
........................................................................ [ 50%]
........................................................................ [ 53%]
........................................................................ [ 56%]
........................................................................ [ 59%]
........................................................................ [ 62%]
........................................................................ [ 65%]
........................................................................ [ 68%]
........................................................................ [ 72%]
........................................................................ [ 75%]
........................................................................ [ 78%]
........................................................................ [ 81%]
........................................................................ [ 84%]
........................................................................ [ 87%]
........................................................................ [ 90%]
........................................................................ [ 93%]
.......................FF............................................... [ 97%]
....................................................................     [100%]
=============================== warnings summary ===============================
app/tests/integration/api/test_calc_jobs.py: 8 warnings
app/tests/integration/api/test_electrical_variants.py: 2 warnings
app/tests/integration/api/test_security_boundaries.py: 1 warning
app/tests/unit/schemas/test_calculation_schemas.py: 3 warnings
app/tests/unit/services/test_task_service_unit.py: 6 warnings
  /app/app/schemas/calculation.py:945: DeprecationWarning: deprecated
    elif self.variant_number is None:

app/tests/integration/api/test_calc_jobs.py::TestCalcJobs::test_enqueue_rejects_ambiguous_uuid_and_legacy_number
app/tests/unit/services/test_task_service_unit.py::TestTaskCreation::test_electrical_request_keeps_omitted_legacy_one_but_rejects_dual_selector
  /app/app/schemas/calculation.py:943: DeprecationWarning: deprecated
    elif self.variant_number is not None:

app/tests/unit/api/test_specification_openapi.py: 240 warnings
  /usr/local/lib/python3.11/site-packages/pydantic/main.py:1086: PydanticDeprecatedSince20: The `__fields__` attribute is deprecated, use `model_fields` instead. Deprecated in Pydantic V2.0 to be removed in V3.0. See Pydantic V2 Migration Guide at https://errors.pydantic.dev/2.9/migration/
    warnings.warn(

app/tests/unit/services/test_task_service_unit.py::TestTaskCreation::test_electrical_request_keeps_omitted_legacy_one_but_rejects_dual_selector
  /app/app/tests/unit/services/test_task_service_unit.py:539: DeprecationWarning: deprecated
    assert ElectricalBatchJobRequest(project_id=project_id).variant_number == 1

app/tests/unit/services/test_task_service_unit.py::TestTaskCreation::test_electrical_request_keeps_omitted_legacy_one_but_rejects_dual_selector
  /app/app/tests/unit/services/test_task_service_unit.py:546: DeprecationWarning: deprecated
    assert uuid_request.variant_number is None

app/tests/unit/services/test_task_service_unit.py::TestTaskCreation::test_create_electrical_batch_task_enqueues_and_persists_payload
  /usr/local/lib/python3.11/unittest/mock.py:2133: RuntimeWarning: coroutine 'AsyncMockMixin._execute_mock_call' was never awaited
    setattr(_type, entry, MagicProxy(entry, self))
  Enable tracemalloc to get traceback where the object was allocated.
  See https://docs.pytest.org/en/stable/how-to/capture-warnings.html#resource-warnings for more info.

app/tests/unit/services/test_task_service_unit.py::TestTaskCreation::test_guest_cannot_enqueue_extended_catalog
  /app/app/services/task_service.py:273: RuntimeWarning: coroutine 'AsyncMockMixin._execute_mock_call' was never awaited
    if result.scalar_one_or_none() is None:
  Enable tracemalloc to get traceback where the object was allocated.
  See https://docs.pytest.org/en/stable/how-to/capture-warnings.html#resource-warnings for more info.

-- Docs: https://docs.pytest.org/en/stable/how-to/capture-warnings.html
=========================== short test summary info ============================
FAILED app/tests/integration/api/test_electrical_variants.py::TestElectricalVariantConcurrency::test_concurrent_enqueue_and_delete_never_orphans_task
FAILED app/tests/integration/api/test_idempotency.py::TestSpecGenerateIdempotency::test_blocked_generate_repeats_without_duplicate_rows
FAILED app/tests/integration/db/test_query_counts.py::test_electrical_query_search_uses_sql_page_not_python_project_fallback
FAILED app/tests/integration/db/test_query_counts.py::test_electrical_query_assignment_projection_is_one_bounded_query
FAILED app/tests/integration/db/test_query_counts.py::test_electrical_query_sorted_next_page_uses_keyset_without_offset
FAILED app/tests/unit/api/test_reports_helpers.py::test_preview_maps_project_errors
FAILED app/tests/unit/api/test_reports_helpers.py::test_preview_maps_report_errors
FAILED app/tests/unit/api/test_reports_helpers.py::test_preview_records_audit_on_success
FAILED app/tests/unit/api/test_reports_helpers.py::test_preview_requires_variant_after_project_access
FAILED app/tests/unit/services/test_task_service_unit.py::TestTaskCreation::test_enqueue_guards_then_locks_project_before_variant_resolution
FAILED app/tests/unit/services/test_task_service_unit.py::TestTaskCreation::test_create_electrical_batch_task_enqueues_and_persists_payload
11 failed, 2288 passed, 1 skipped, 266 warnings in 954.74s (0:15:54)
EXIT:1
